RootNode[name=Test, vardefs=[], out_edges=[TerminalNode]]
TerminalNode[]

