RootNode[name=Test, vardefs=[], out_edges=[]]
RootNode[name=Test2, vardefs=[], out_edges=[]]

