RootNode[name=Test, vardefs=[], out_edges=[Event4]]
ActionNode[name=Event0, action=EventFlowActionAction0(), params={}, out_edges=[]]
ActionNode[name=Event2, action=EventFlowActionAction0(), params={}, out_edges=[]]
ForkNode[name=Event4, join_node=Event5, out_edges=[Event0, Event2, Event5]]
JoinNode[name=Event5, out_edges=[]]

