RootNode[name=Root1, vardefs=[], out_edges=[Event0]]
RootNode[name=Root2, vardefs=[], out_edges=[Event5]]
ActionNode[name=Event0, action=EventFlowActionAction0(), params={}, out_edges=[Event1]]
SubflowNode[name=Event1, ns=, called_root_name=Root2, params={}, out_edges=[Event5]]
ActionNode[name=Event5, action=EventFlowActionAction0(), params={}, out_edges=[]]

