RootNode[name=Test, vardefs=[], out_edges=[Event6]]
ActionNode[name=Event0, action=EventFlowActionAction0(), params={}, out_edges=[]]
ActionNode[name=Event3, action=EventFlowActionAction0(), params={}, out_edges=[]]
SwitchNode[name=Event6, query=EventFlowQueryQuery0(), params={}, cases={'Event3': [2, 1], 'Event0': [0]}, out_edges=[Event3, Event0]]

